(---------------------------------------------------------------------)
(                                                                     )
(    Dump Library Log                                                 )
(                                                                     )
(    Software Version : 17.2S045                                      )
(    Date/Time        : Mon Sep 28 16:30:42 2026                      )
(                                                                     )
(---------------------------------------------------------------------)


*** file: D:/001DIY/005lib/01Psm_lib/tf9_l9d7x5d5xH3d75.dra ***



  *** Creating padstacks. ***

  SH1D8X4D0X3D0 being dumped.

  SMD_R650X512P0S10 being dumped.

  SMD_R591X315P0S10 being dumped.

  SMD_R591X197P0S10 being dumped.

  PAD_0D8_1D6 being dumped.


  *** Creating shape symbols (.dra and .ssm) ***

  sh1d8x4d0x3d0 being dumped.

  sh1d9x4d1x3d1 being dumped.



*********************** Summary *********************
ERRORs reported:                           0

Number of padstacks dumped:                5
Number of shape symbols dumped:            2

Total number of symbols dumped:            2
*****************************************************

