(---------------------------------------------------------------------)
(                                                                     )
(    Create_devices LOG file                                          )
(                                                                     )
(    Drawing          : 01AI3576allV1_00_01.brd                       )
(    Software Version : 17.2S045                                      )
(    Date/Time        : Tue Sep 29 22:09:29 2026                      )
(                                                                     )
(---------------------------------------------------------------------)



Device file 'D:/011job/018Hengbot/000Sparky/05HW/01AiHead/02PCB/psm/r_r0201_240r02011_0000000000.txt': written successfully.
Device file 'D:/011job/018Hengbot/000Sparky/05HW/01AiHead/02PCB/psm/osc3215_osc_2p_1610_x1a00012100.txt': written successfully.
Device file 'D:/011job/018Hengbot/000Sparky/05HW/01AiHead/02PCB/psm/cap_c0402_nc_10pf040250v5_.txt': written successfully.
Device file 'D:/011job/018Hengbot/000Sparky/05HW/01AiHead/02PCB/psm/cap_c0402_18pf040250v5_.txt': written successfully.
Device file 'D:/011job/018Hengbot/000Sparky/05HW/01AiHead/02PCB/psm/sc_sc-4d8x1d4_sm3r3703t01u.txt': written successfully.
Device file 'D:/011job/018Hengbot/000Sparky/05HW/01AiHead/02PCB/psm/pcf8563_dfn2x2-8l_pcf8563tdqtr.txt': written successfully.
Device file 'D:/011job/018Hengbot/000Sparky/05HW/01AiHead/02PCB/psm/ss24_sod-523_sc-79_lbat54xv2t1g.txt': written successfully.
Device file 'D:/011job/018Hengbot/000Sparky/05HW/01AiHead/02PCB/psm/tf-card-9p_min_e3_tf9_l9d7x5d5x.txt': written successfully.
Device file 'D:/011job/018Hengbot/000Sparky/05HW/01AiHead/02PCB/psm/r_r0201_47k02011_.txt': written successfully.
Device file 'D:/011job/018Hengbot/000Sparky/05HW/01AiHead/02PCB/psm/r_r0201_22r04021_00000000004.txt': written successfully.
Device file 'D:/011job/018Hengbot/000Sparky/05HW/01AiHead/02PCB/psm/r_r0201_10k04021_00000000004.txt': written successfully.
Device file 'D:/011job/018Hengbot/000Sparky/05HW/01AiHead/02PCB/psm/r_r0201_47k02011_00000000004.txt': written successfully.
Device file 'D:/011job/018Hengbot/000Sparky/05HW/01AiHead/02PCB/psm/mmdt3906_sot-363-sc70-6l_mmdt39.txt': written successfully.
Device file 'D:/011job/018Hengbot/000Sparky/05HW/01AiHead/02PCB/psm/n-mos-dfn2x2_dfn6-2x2-8p_tpm101.txt': written successfully.
Device file 'D:/011job/018Hengbot/000Sparky/05HW/01AiHead/02PCB/psm/r_r0201_10k02011_000000000_1.txt': written successfully.
Device file 'D:/011job/018Hengbot/000Sparky/05HW/01AiHead/02PCB/psm/als-pt19_led0603_xyc-pt19c-l1_.txt': written successfully.
Device file 'D:/011job/018Hengbot/000Sparky/05HW/01AiHead/02PCB/psm/gh-08p-1d25-w_fpc0510hx-08p_hc-.txt': written successfully.
Device file 'D:/011job/018Hengbot/000Sparky/05HW/01AiHead/02PCB/psm/r_r0402_sdnt1005x103f3950ftf_.txt': written successfully.
Device file 'D:/011job/018Hengbot/000Sparky/05HW/01AiHead/02PCB/psm/r_r0402_nc_10k04021_00000000.txt': written successfully.
Device file 'D:/011job/018Hengbot/000Sparky/05HW/01AiHead/02PCB/psm/r_r0402_10k04021_00000000012.txt': written successfully.
Device file 'D:/011job/018Hengbot/000Sparky/05HW/01AiHead/02PCB/psm/r-0402_r0201_100k02011.txt': written successfully.
Device file 'D:/011job/018Hengbot/000Sparky/05HW/01AiHead/02PCB/psm/r_r0201_47k02011_00000000_2.txt': written successfully.
Device file 'D:/011job/018Hengbot/000Sparky/05HW/01AiHead/02PCB/psm/r_r0201_22r02011_00000000004.txt': written successfully.
Device file 'D:/011job/018Hengbot/000Sparky/05HW/01AiHead/02PCB/psm/btb-10p-0d35_a6p-m_btb_10p-p0_3.txt': written successfully.
Device file 'D:/011job/018Hengbot/000Sparky/05HW/01AiHead/02PCB/psm/oscillator_smd_osc_4p_1612_xl4e.txt': written successfully.
Device file 'D:/011job/018Hengbot/000Sparky/05HW/01AiHead/02PCB/psm/sw-pb4_sw-pb4_2x1d6x0d58_gt-tc1.txt': written successfully.
Device file 'D:/011job/018Hengbot/000Sparky/05HW/01AiHead/02PCB/psm/r_r0201_22r02011_000000000_1.txt': written successfully.
Device file 'D:/011job/018Hengbot/000Sparky/05HW/01AiHead/02PCB/psm/cap_c0201_100nf020116v10__1.txt': written successfully.
Device file 'D:/011job/018Hengbot/000Sparky/05HW/01AiHead/02PCB/psm/c-0402_c0201_100nf020125v10.txt': written successfully.
Device file 'D:/011job/018Hengbot/000Sparky/05HW/01AiHead/02PCB/psm/cap_c0201_1uf040263v10_000.txt': written successfully.
Device file 'D:/011job/018Hengbot/000Sparky/05HW/01AiHead/02PCB/psm/cap_c0201_nc_1nf040216v10_.txt': written successfully.
Device file 'D:/011job/018Hengbot/000Sparky/05HW/01AiHead/02PCB/psm/cap_c0201_10uf040263v20_00.txt': written successfully.
Device file 'D:/011job/018Hengbot/000Sparky/05HW/01AiHead/02PCB/psm/cap_c0201_27pf040250v5_0002.txt': written successfully.
Device file 'D:/011job/018Hengbot/000Sparky/05HW/01AiHead/02PCB/psm/cap_c0201_51pf040250v5_0002.txt': written successfully.
Device file 'D:/011job/018Hengbot/000Sparky/05HW/01AiHead/02PCB/psm/r_r0201_22r02011_00000000012.txt': written successfully.
Device file 'D:/011job/018Hengbot/000Sparky/05HW/01AiHead/02PCB/psm/r_r0201_1m04021_000000000011.txt': written successfully.
Device file 'D:/011job/018Hengbot/000Sparky/05HW/01AiHead/02PCB/psm/r_r0201_2k02011_000000000066.txt': written successfully.
Device file 'D:/011job/018Hengbot/000Sparky/05HW/01AiHead/02PCB/psm/fpc0520hx-06p_fpc0510hx-06p_hc-.txt': written successfully.
Device file 'D:/011job/018Hengbot/000Sparky/05HW/01AiHead/02PCB/psm/cap_c0402_15pf040216v10_000.txt': written successfully.
Device file 'D:/011job/018Hengbot/000Sparky/05HW/01AiHead/02PCB/psm/oscillator_smd_osc4p_2520_sx2b1.txt': written successfully.
Device file 'D:/011job/018Hengbot/000Sparky/05HW/01AiHead/02PCB/psm/oscillator_smd_osc_4p_1612_sx0b.txt': written successfully.
Device file 'D:/011job/018Hengbot/000Sparky/05HW/01AiHead/02PCB/psm/oscillator_smd_osc4p_2520_sx2_1.txt': written successfully.
Device file 'D:/011job/018Hengbot/000Sparky/05HW/01AiHead/02PCB/psm/cap_c0201_24pf020116v10_000.txt': written successfully.
Device file 'D:/011job/018Hengbot/000Sparky/05HW/01AiHead/02PCB/psm/cap_c0201_42pf020116v10_000.txt': written successfully.
Device file 'D:/011job/018Hengbot/000Sparky/05HW/01AiHead/02PCB/psm/fb-0402_l0805_22uh08055.txt': written successfully.
Device file 'D:/011job/018Hengbot/000Sparky/05HW/01AiHead/02PCB/psm/r_r0201_22k02011_0000000000.txt': written successfully.
Device file 'D:/011job/018Hengbot/000Sparky/05HW/01AiHead/02PCB/psm/r_r0201_22k02011_00000000_1.txt': written successfully.
Device file 'D:/011job/018Hengbot/000Sparky/05HW/01AiHead/02PCB/psm/cap_c0201_nc_000200000049.txt': written successfully.
Device file 'D:/011job/018Hengbot/000Sparky/05HW/01AiHead/02PCB/psm/r_r0201_820r02011_0000000000.txt': written successfully.
Device file 'D:/011job/018Hengbot/000Sparky/05HW/01AiHead/02PCB/psm/r_r0201_51k02011_0000000000.txt': written successfully.
Device file 'D:/011job/018Hengbot/000Sparky/05HW/01AiHead/02PCB/psm/r_r0201_470k02011_0000000000.txt': written successfully.
Device file 'D:/011job/018Hengbot/000Sparky/05HW/01AiHead/02PCB/psm/si522_qfn32_5x5mm_ep3p3mm_si522.txt': written successfully.
Device file 'D:/011job/018Hengbot/000Sparky/05HW/01AiHead/02PCB/psm/lsm6ds33_1_lga_3x2_5mm_0r5_14p_.txt': written successfully.
Device file 'D:/011job/018Hengbot/000Sparky/05HW/01AiHead/02PCB/psm/r_r0201_100k02011_0000000000.txt': written successfully.
Device file 'D:/011job/018Hengbot/000Sparky/05HW/01AiHead/02PCB/psm/cap_c0201_100nf020116v10_.txt': written successfully.
Device file 'D:/011job/018Hengbot/000Sparky/05HW/01AiHead/02PCB/psm/r_r0201_10k02011_00000000009.txt': written successfully.
Device file 'D:/011job/018Hengbot/000Sparky/05HW/01AiHead/02PCB/psm/r_r0201_47k02011_0000000000.txt': written successfully.
Device file 'D:/011job/018Hengbot/000Sparky/05HW/01AiHead/02PCB/psm/r_r0201_10k02011_.txt': written successfully.
Device file 'D:/011job/018Hengbot/000Sparky/05HW/01AiHead/02PCB/psm/cap_c0201_1uf020163v10_000.txt': written successfully.
Device file 'D:/011job/018Hengbot/000Sparky/05HW/01AiHead/02PCB/psm/cap_c0201_1uf020163v10_0_1.txt': written successfully.
Device file 'D:/011job/018Hengbot/000Sparky/05HW/01AiHead/02PCB/psm/cap_c0402_47uf040263v10_0.txt': written successfully.
Device file 'D:/011job/018Hengbot/000Sparky/05HW/01AiHead/02PCB/psm/cap_c0201_22nf020116v10_000.txt': written successfully.
Device file 'D:/011job/018Hengbot/000Sparky/05HW/01AiHead/02PCB/psm/cap_c0402_47uf040263v10_1.txt': written successfully.
Device file 'D:/011job/018Hengbot/000Sparky/05HW/01AiHead/02PCB/psm/r_r0201_22r02011_00000000006.txt': written successfully.
Device file 'D:/011job/018Hengbot/000Sparky/05HW/01AiHead/02PCB/psm/r_r0201_nc_000000000067.txt': written successfully.
Device file 'D:/011job/018Hengbot/000Sparky/05HW/01AiHead/02PCB/psm/r_r0201_10k02011_00000000006.txt': written successfully.
Device file 'D:/011job/018Hengbot/000Sparky/05HW/01AiHead/02PCB/psm/r_r0201_47k02011_00000000_1.txt': written successfully.
Device file 'D:/011job/018Hengbot/000Sparky/05HW/01AiHead/02PCB/psm/ipex-4_ipex4_io_kh-ipex4-2020.txt': written successfully.
Device file 'D:/011job/018Hengbot/000Sparky/05HW/01AiHead/02PCB/psm/gh-04p-1d25-w_hc-04p-0d8-h_m080.txt': written successfully.
Device file 'D:/011job/018Hengbot/000Sparky/05HW/01AiHead/02PCB/psm/cap_c0201_100nf020116v10_00.txt': written successfully.
Device file 'D:/011job/018Hengbot/000Sparky/05HW/01AiHead/02PCB/psm/r_r0201_33r02011_00000000009.txt': written successfully.
Device file 'D:/011job/018Hengbot/000Sparky/05HW/01AiHead/02PCB/psm/r_r0201_22r02011_00000000009.txt': written successfully.
Device file 'D:/011job/018Hengbot/000Sparky/05HW/01AiHead/02PCB/psm/qmc5883p_lga-16_l3_0-w3_0-p0_50.txt': written successfully.
Device file 'D:/011job/018Hengbot/000Sparky/05HW/01AiHead/02PCB/psm/btb-df37nc-30ds-30p-m_btb-df37n.txt': written successfully.
Device file 'D:/011job/018Hengbot/000Sparky/05HW/01AiHead/02PCB/psm/max3051eka_sot23-8_tcan3413ddfr.txt': written successfully.
Device file 'D:/011job/018Hengbot/000Sparky/05HW/01AiHead/02PCB/psm/di_tvs_sod-123fl_smf60ca.txt': written successfully.
Device file 'D:/011job/018Hengbot/000Sparky/05HW/01AiHead/02PCB/psm/l-ind_l322512_ckst322512-1uhm.txt': written successfully.
Device file 'D:/011job/018Hengbot/000Sparky/05HW/01AiHead/02PCB/psm/cap_c0805_10uf080525v10_000.txt': written successfully.
Device file 'D:/011job/018Hengbot/000Sparky/05HW/01AiHead/02PCB/psm/cap_c0402_1uf040263v10_000.txt': written successfully.
Device file 'D:/011job/018Hengbot/000Sparky/05HW/01AiHead/02PCB/psm/cap_c0402_10uf040263v10_00.txt': written successfully.
Device file 'D:/011job/018Hengbot/000Sparky/05HW/01AiHead/02PCB/psm/aw88261_wlcsp-26_l2_5-w2_5-p0_4.txt': written successfully.
Device file 'D:/011job/018Hengbot/000Sparky/05HW/01AiHead/02PCB/psm/btb-01b8-0d35m-0d75h-30p-f_btb-.txt': written successfully.
Device file 'D:/011job/018Hengbot/000Sparky/05HW/01AiHead/02PCB/psm/tp_tps-0d5_nc_tp.txt': written successfully.
Device file 'D:/011job/018Hengbot/000Sparky/05HW/01AiHead/02PCB/psm/cap_c0402_10p040250v5_.txt': written successfully.
Device file 'D:/011job/018Hengbot/000Sparky/05HW/01AiHead/02PCB/psm/cap_c0402_nc_.txt': written successfully.
Device file 'D:/011job/018Hengbot/000Sparky/05HW/01AiHead/02PCB/psm/rtl8852_rtl8852_13d1x15d1_bl-m8.txt': written successfully.
Device file 'D:/011job/018Hengbot/000Sparky/05HW/01AiHead/02PCB/psm/fpc0510hx-06p_fpc_06p_0d5dpbh-2.txt': written successfully.
Device file 'D:/011job/018Hengbot/000Sparky/05HW/01AiHead/02PCB/psm/r-0402_r0402_887k04021.txt': written successfully.
Device file 'D:/011job/018Hengbot/000Sparky/05HW/01AiHead/02PCB/psm/r-0201_r0201_nc_220k02011.txt': written successfully.
Device file 'D:/011job/018Hengbot/000Sparky/05HW/01AiHead/02PCB/psm/c-0201_c0201_100nf020125v10.txt': written successfully.
Device file 'D:/011job/018Hengbot/000Sparky/05HW/01AiHead/02PCB/psm/cap_c0201_100nf020125v10_.txt': written successfully.
Device file 'D:/011job/018Hengbot/000Sparky/05HW/01AiHead/02PCB/psm/lpddr4_1_bga200_15r00x10r00x0r9.txt': written successfully.
Device file 'D:/011job/018Hengbot/000Sparky/05HW/01AiHead/02PCB/psm/inductor_l0402_nc_upz1005d121-1.txt': written successfully.
Device file 'D:/011job/018Hengbot/000Sparky/05HW/01AiHead/02PCB/psm/tpl903229_dfn5p_1x1_0404_tpl710.txt': written successfully.
Device file 'D:/011job/018Hengbot/000Sparky/05HW/01AiHead/02PCB/psm/r_r0402_47k04021_00000000004.txt': written successfully.
Device file 'D:/011job/018Hengbot/000Sparky/05HW/01AiHead/02PCB/psm/r-0402_r0402_47k04021.txt': written successfully.
Device file 'D:/011job/018Hengbot/000Sparky/05HW/01AiHead/02PCB/psm/r_r0201_22r02011_.txt': written successfully.
Device file 'D:/011job/018Hengbot/000Sparky/05HW/01AiHead/02PCB/psm/r_r0201_10k02011_00000000010.txt': written successfully.
Device file 'D:/011job/018Hengbot/000Sparky/05HW/01AiHead/02PCB/psm/mark-fid10x20_fid1_0x2_3_nc_fid.txt': written successfully.
Device file 'D:/011job/018Hengbot/000Sparky/05HW/01AiHead/02PCB/psm/r_r0402_2k04021_000000000098.txt': written successfully.
Device file 'D:/011job/018Hengbot/000Sparky/05HW/01AiHead/02PCB/psm/r-0402_r0201_47k02011.txt': written successfully.
Device file 'D:/011job/018Hengbot/000Sparky/05HW/01AiHead/02PCB/psm/cmc_cmc0806-4p_cmf0806ud900mfr_.txt': written successfully.
Device file 'D:/011job/018Hengbot/000Sparky/05HW/01AiHead/02PCB/psm/r-0402_r0402_1m04021.txt': written successfully.
Device file 'D:/011job/018Hengbot/000Sparky/05HW/01AiHead/02PCB/psm/c-0402_c0402_22uf040263v10.txt': written successfully.
Device file 'D:/011job/018Hengbot/000Sparky/05HW/01AiHead/02PCB/psm/c-0402_c0402_47uf040263v10.txt': written successfully.
Device file 'D:/011job/018Hengbot/000Sparky/05HW/01AiHead/02PCB/psm/capnp_c0402_1uf040263v10.txt': written successfully.
Device file 'D:/011job/018Hengbot/000Sparky/05HW/01AiHead/02PCB/psm/capnp_c0402_100nf040225v10.txt': written successfully.
Device file 'D:/011job/018Hengbot/000Sparky/05HW/01AiHead/02PCB/psm/c-0402_c0402_10nf040250v10.txt': written successfully.
Device file 'D:/011job/018Hengbot/000Sparky/05HW/01AiHead/02PCB/psm/l-ind_ind_201610_ftc201610s1r0m.txt': written successfully.
Device file 'D:/011job/018Hengbot/000Sparky/05HW/01AiHead/02PCB/psm/l-ind_ind_201612_ftc201612sr24m.txt': written successfully.
Device file 'D:/011job/018Hengbot/000Sparky/05HW/01AiHead/02PCB/psm/l-ind_ind_201610_ftc201610sr47m.txt': written successfully.
Device file 'D:/011job/018Hengbot/000Sparky/05HW/01AiHead/02PCB/psm/r-0402_r0402_120k04021.txt': written successfully.
Device file 'D:/011job/018Hengbot/000Sparky/05HW/01AiHead/02PCB/psm/r-0402_r0402_22r04021.txt': written successfully.
Device file 'D:/011job/018Hengbot/000Sparky/05HW/01AiHead/02PCB/psm/r-0402_r0402_22k04021.txt': written successfully.
Device file 'D:/011job/018Hengbot/000Sparky/05HW/01AiHead/02PCB/psm/r-0402_r0402_33k04021.txt': written successfully.
Device file 'D:/011job/018Hengbot/000Sparky/05HW/01AiHead/02PCB/psm/r-0402_r0402_200k04021.txt': written successfully.
Device file 'D:/011job/018Hengbot/000Sparky/05HW/01AiHead/02PCB/psm/r-0402_r0402_249k04021.txt': written successfully.
Device file 'D:/011job/018Hengbot/000Sparky/05HW/01AiHead/02PCB/psm/r-0402_r0402_22k04021__1.txt': written successfully.
Device file 'D:/011job/018Hengbot/000Sparky/05HW/01AiHead/02PCB/psm/resistor1_r0402_499k04021.txt': written successfully.
Device file 'D:/011job/018Hengbot/000Sparky/05HW/01AiHead/02PCB/psm/r-0201_r0201_22r02011.txt': written successfully.
Device file 'D:/011job/018Hengbot/000Sparky/05HW/01AiHead/02PCB/psm/r-0201_r0201_82k02011.txt': written successfully.
Device file 'D:/011job/018Hengbot/000Sparky/05HW/01AiHead/02PCB/psm/r-0201_r0201_200r02011.txt': written successfully.
Device file 'D:/011job/018Hengbot/000Sparky/05HW/01AiHead/02PCB/psm/r-0201_r0201_240r02011.txt': written successfully.
Device file 'D:/011job/018Hengbot/000Sparky/05HW/01AiHead/02PCB/psm/resistor_r0402_discrete_2m0402.txt': written successfully.
Device file 'D:/011job/018Hengbot/000Sparky/05HW/01AiHead/02PCB/psm/capnp_c0402_22uf040263v20.txt': written successfully.
Device file 'D:/011job/018Hengbot/000Sparky/05HW/01AiHead/02PCB/psm/r-0402_r0402_0r04021.txt': written successfully.
Device file 'D:/011job/018Hengbot/000Sparky/05HW/01AiHead/02PCB/psm/r-0402_r0402_100k04021.txt': written successfully.
Device file 'D:/011job/018Hengbot/000Sparky/05HW/01AiHead/02PCB/psm/resistor5_r0402_100k04021.txt': written successfully.
Device file 'D:/011job/018Hengbot/000Sparky/05HW/01AiHead/02PCB/psm/r-0201_r0201_0r02011.txt': written successfully.
Device file 'D:/011job/018Hengbot/000Sparky/05HW/01AiHead/02PCB/psm/resistor_r0402_discrete_100k04.txt': written successfully.
Device file 'D:/011job/018Hengbot/000Sparky/05HW/01AiHead/02PCB/psm/c-0201_c0201_1nf020125v10.txt': written successfully.
Device file 'D:/011job/018Hengbot/000Sparky/05HW/01AiHead/02PCB/psm/c-0402_c0201_1nf020125v10.txt': written successfully.
Device file 'D:/011job/018Hengbot/000Sparky/05HW/01AiHead/02PCB/psm/c-0402_c0402_22uf040263v20.txt': written successfully.
Device file 'D:/011job/018Hengbot/000Sparky/05HW/01AiHead/02PCB/psm/c-0603_c0402_22uf040263v20.txt': written successfully.
Device file 'D:/011job/018Hengbot/000Sparky/05HW/01AiHead/02PCB/psm/c-0402_c0402_100nf040225v10.txt': written successfully.
Device file 'D:/011job/018Hengbot/000Sparky/05HW/01AiHead/02PCB/psm/c-0402_c0402_1uf040263v10.txt': written successfully.
Device file 'D:/011job/018Hengbot/000Sparky/05HW/01AiHead/02PCB/psm/c-0402_c0402_10uf040263v20.txt': written successfully.
Device file 'D:/011job/018Hengbot/000Sparky/05HW/01AiHead/02PCB/psm/c-0402_c0402_100pf040250v5.txt': written successfully.
Device file 'D:/011job/018Hengbot/000Sparky/05HW/01AiHead/02PCB/psm/c-0201_c0201_1uf020163v10.txt': written successfully.
Device file 'D:/011job/018Hengbot/000Sparky/05HW/01AiHead/02PCB/psm/c-0402_c0402_18pf040250v5.txt': written successfully.
Device file 'D:/011job/018Hengbot/000Sparky/05HW/01AiHead/02PCB/psm/r-0402_r0402_100r04021.txt': written successfully.
Device file 'D:/011job/018Hengbot/000Sparky/05HW/01AiHead/02PCB/psm/r-0402_r0402_10k04021.txt': written successfully.
Device file 'D:/011job/018Hengbot/000Sparky/05HW/01AiHead/02PCB/psm/r_r0402_100k04021_0000000000.txt': written successfully.
Device file 'D:/011job/018Hengbot/000Sparky/05HW/01AiHead/02PCB/psm/r_r0402_nc_47k04021_00000000.txt': written successfully.
Device file 'D:/011job/018Hengbot/000Sparky/05HW/01AiHead/02PCB/psm/r_r0402_100r04021_0000000000.txt': written successfully.
Device file 'D:/011job/018Hengbot/000Sparky/05HW/01AiHead/02PCB/psm/r_r0402_22r04021_00000000004.txt': written successfully.
Device file 'D:/011job/018Hengbot/000Sparky/05HW/01AiHead/02PCB/psm/prtr5v0u4y_0_sot363_lc0504f.txt': written successfully.
Device file 'D:/011job/018Hengbot/000Sparky/05HW/01AiHead/02PCB/psm/fix-9p_fix_2d2_4d0-9p_nc_fix_2d.txt': written successfully.
Device file 'D:/011job/018Hengbot/000Sparky/05HW/01AiHead/02PCB/psm/cap_c0402_15pf040250v5_.txt': written successfully.
Device file 'D:/011job/018Hengbot/000Sparky/05HW/01AiHead/02PCB/psm/r_r0402_120r04021_.txt': written successfully.
Device file 'D:/011job/018Hengbot/000Sparky/05HW/01AiHead/02PCB/psm/cap_c0402_nc_15p_000200000049.txt': written successfully.
Device file 'D:/011job/018Hengbot/000Sparky/05HW/01AiHead/02PCB/psm/fr_l0402_fr-100m1000r_.txt': written successfully.
Device file 'D:/011job/018Hengbot/000Sparky/05HW/01AiHead/02PCB/psm/usb31_type_c24pp_4p_usb_typec_2.txt': written successfully.
Device file 'D:/011job/018Hengbot/000Sparky/05HW/01AiHead/02PCB/psm/cap_c0402_nc_10pf040225v10_.txt': written successfully.
Device file 'D:/011job/018Hengbot/000Sparky/05HW/01AiHead/02PCB/psm/btb_p3c164_xsls00-40_btb_p3c164.txt': written successfully.
Device file 'D:/011job/018Hengbot/000Sparky/05HW/01AiHead/02PCB/psm/r_r0402_33k04021_0000000001.txt': written successfully.
Device file 'D:/011job/018Hengbot/000Sparky/05HW/01AiHead/02PCB/psm/sy6280_sot23-5_sy6280aac_002318.txt': written successfully.
Device file 'D:/011job/018Hengbot/000Sparky/05HW/01AiHead/02PCB/psm/hk11bp_dfn5p_1x1_0404_hk11bp_.txt': written successfully.
Device file 'D:/011job/018Hengbot/000Sparky/05HW/01AiHead/02PCB/psm/rs0101_sot-563_74lvc1t45z6-7_00.txt': written successfully.
Device file 'D:/011job/018Hengbot/000Sparky/05HW/01AiHead/02PCB/psm/cap_c0402_100nf040225v10_.txt': written successfully.
Device file 'D:/011job/018Hengbot/000Sparky/05HW/01AiHead/02PCB/psm/led-r_led0402_led0402-r_.txt': written successfully.
Device file 'D:/011job/018Hengbot/000Sparky/05HW/01AiHead/02PCB/psm/cap_c0402_100nf040225v10_00.txt': written successfully.
Device file 'D:/011job/018Hengbot/000Sparky/05HW/01AiHead/02PCB/psm/cap_c0402_10uf040263v20_00.txt': written successfully.
Device file 'D:/011job/018Hengbot/000Sparky/05HW/01AiHead/02PCB/psm/pesd_d0402_0402esda-05n_0004050.txt': written successfully.
Device file 'D:/011job/018Hengbot/000Sparky/05HW/01AiHead/02PCB/psm/fpc0520hx-06p_fpc0520hx-06p_fpc.txt': written successfully.
Device file 'D:/011job/018Hengbot/000Sparky/05HW/01AiHead/02PCB/psm/inductor_l0402_upz1005d121-1r3t.txt': written successfully.
Device file 'D:/011job/018Hengbot/000Sparky/05HW/01AiHead/02PCB/psm/fr_l0402_upz1005d121-1r3tf_.txt': written successfully.
Device file 'D:/011job/018Hengbot/000Sparky/05HW/01AiHead/02PCB/psm/n-mos2_sot-523_sc-75_2sk3019_00.txt': written successfully.
Device file 'D:/011job/018Hengbot/000Sparky/05HW/01AiHead/02PCB/psm/r_r0402_10k04021_00000000010.txt': written successfully.
Device file 'D:/011job/018Hengbot/000Sparky/05HW/01AiHead/02PCB/psm/r_r0402_100k04021_0000000001.txt': written successfully.
Device file 'D:/011job/018Hengbot/000Sparky/05HW/01AiHead/02PCB/psm/r_r0402_0r04021_000000000120.txt': written successfully.
Device file 'D:/011job/018Hengbot/000Sparky/05HW/01AiHead/02PCB/psm/r_r0402_33r04021_00000000009.txt': written successfully.
Device file 'D:/011job/018Hengbot/000Sparky/05HW/01AiHead/02PCB/psm/r_r0402_27k04021_0000000001.txt': written successfully.
Device file 'D:/011job/018Hengbot/000Sparky/05HW/01AiHead/02PCB/psm/tp-a_tps1d0m1d2_nc_tp-a_.txt': written successfully.
Device file 'D:/011job/018Hengbot/000Sparky/05HW/01AiHead/02PCB/psm/tp-a_tps-0d5_nc_tp-a_.txt': written successfully.
Device file 'D:/011job/018Hengbot/000Sparky/05HW/01AiHead/02PCB/psm/prtr5v0u4y_sot363_lc0504f.txt': written successfully.
Device file 'D:/011job/018Hengbot/000Sparky/05HW/01AiHead/02PCB/psm/rclamp0524p_dfn-10-2510_pesdalc.txt': written successfully.
Device file 'D:/011job/018Hengbot/000Sparky/05HW/01AiHead/02PCB/psm/ch340e_msop-10_ch340e_002304000.txt': written successfully.
Device file 'D:/011job/018Hengbot/000Sparky/05HW/01AiHead/02PCB/psm/th1520_qfn80p900x900x80-81_th15.txt': written successfully.
Device file 'D:/011job/018Hengbot/000Sparky/05HW/01AiHead/02PCB/psm/mx25v1635f_sop-8l-208mil_mx25l6.txt': written successfully.
Device file 'D:/011job/018Hengbot/000Sparky/05HW/01AiHead/02PCB/psm/fe1_1s_b_qfn24_2_qfn24_4x4_fe1.txt': written successfully.
Device file 'D:/011job/018Hengbot/000Sparky/05HW/01AiHead/02PCB/psm/tp-min_tps-0d5_nc_tp_.txt': written successfully.
Device file 'D:/011job/018Hengbot/000Sparky/05HW/01AiHead/02PCB/psm/j-h-3p_pbz_icsrc6508sfr_kh-pbj-.txt': written successfully.
Device file 'D:/011job/018Hengbot/000Sparky/05HW/01AiHead/02PCB/psm/pmic_rk806s-5_qfn68_7r00x7r00x0.txt': written successfully.
Device file 'D:/011job/018Hengbot/000Sparky/05HW/01AiHead/02PCB/psm/u-emmc_lfbga-11p5x13-153p_sgm81.txt': written successfully.
Device file 'D:/011job/018Hengbot/000Sparky/05HW/01AiHead/02PCB/psm/soc_rk3576_bga698_16r1x17r2x1r0.txt': written successfully.
Device file 'D:/011job/018Hengbot/000Sparky/05HW/01AiHead/02PCB/psm/di-xi-s_sod523_ic_lrb520s-30t1g.txt': written successfully.
Device file 'D:/011job/018Hengbot/000Sparky/05HW/01AiHead/02PCB/psm/c-0402_c0402_nc22uf.txt': written successfully.
Device file 'D:/011job/018Hengbot/000Sparky/05HW/01AiHead/02PCB/psm/c-0201_c0201_nc22pf.txt': written successfully.
Device file 'D:/011job/018Hengbot/000Sparky/05HW/01AiHead/02PCB/psm/fb-0402_l0402_upz1005d121-1r3tf.txt': written successfully.
Device file 'D:/011job/018Hengbot/000Sparky/05HW/01AiHead/02PCB/psm/c-0201_c0201_nc1uf.txt': written successfully.
Device file 'D:/011job/018Hengbot/000Sparky/05HW/01AiHead/02PCB/psm/c-0201_c0201_nc100nf.txt': written successfully.
Device file 'D:/011job/018Hengbot/000Sparky/05HW/01AiHead/02PCB/psm/di-esd_esd0402_se05n6l01gz.txt': written successfully.
Device file 'D:/011job/018Hengbot/000Sparky/05HW/01AiHead/02PCB/psm/n-mos_sot23_cj3404.txt': written successfully.
Device file 'D:/011job/018Hengbot/000Sparky/05HW/01AiHead/02PCB/psm/r-0402_r0402_nc10k.txt': written successfully.
Device file 'D:/011job/018Hengbot/000Sparky/05HW/01AiHead/02PCB/psm/r-0402_r0402_nc47k.txt': written successfully.
Device file 'D:/011job/018Hengbot/000Sparky/05HW/01AiHead/02PCB/psm/r-0402_r0402_nc47k__1.txt': written successfully.
Device file 'D:/011job/018Hengbot/000Sparky/05HW/01AiHead/02PCB/psm/u-eta3417s2f_sot23-5_eta3417s2f.txt': written successfully.
Device file 'D:/011job/018Hengbot/000Sparky/05HW/01AiHead/02PCB/psm/u-sy6280aac_sot23-5_eta6280s2f.txt': written successfully.
Device file 'D:/011job/018Hengbot/000Sparky/05HW/01AiHead/02PCB/psm/capnp_nc_c0201_nc1nf.txt': written successfully.

  Created device files: 200

