(---------------------------------------------------------------------)
(                                                                     )
(    Dump Library Log                                                 )
(                                                                     )
(    Software Version : 17.2S045                                      )
(    Date/Time        : Tue Sep 29 22:09:28 2026                      )
(                                                                     )
(---------------------------------------------------------------------)


*** file: D:/011job/018Hengbot/000Sparky/05HW/01AiHead/02PCB/01AI3576allV1_00_01.brd ***



  *** Creating all device files (see create_devices.log) ***


  *** Creating padstacks. ***

  SMD_C50P0S40 being dumped.

  S_R1R00X1R20 being dumped.

  S_R1R20X1R00 being dumped.

  S_O1R10X0R60 being dumped.

  S_O0R70X1R00 being dumped.

  S_R1R00X5R00 being dumped.

  S_R0R30X1R20 being dumped.

  S_O1R30X0R41 being dumped.

  PAD_SHAPE_RT_1D9 being dumped.

  S_R2R20X1R20 being dumped.

  S_O0R80X0R20 being dumped.

  S_R0R50X2R00 being dumped.

  S_O1R00X0R45 being dumped.

  S_R0R60X1R00 being dumped.

  S_R3R00X4R00 being dumped.

  S_R0R50X0R30 being dumped.

  S_R1R10X0R60 being dumped.

  S_R0R70X1R00 being dumped.

  S_R3R00X5R00 being dumped.

  S_R1R40X1R20 being dumped.

  S_R1R00X0R70 being dumped.

  S_R0R50X1R20 being dumped.

  S_R1R20X0R50 being dumped.

  S_R2R00X2R40 being dumped.

  S_R0R60X0R30 being dumped.

  S_R0R30X0R60 being dumped.

  S_R0R70X2R00 being dumped.

  S_R0R70X0R20 being dumped.

  S_R0R60X1R20 being dumped.

  S_R1R70X1R00 being dumped.

  SMD_C48P0S40 being dumped.

  S_R0R80X1R10 being dumped.

  S_R0R80X0R20 being dumped.

  S_R1R50X4R00 being dumped.

  S_R0R20X0R80 being dumped.

  S_R0R30X0R70 being dumped.

  S_R1R00X0R45 being dumped.

  S_R1R00X1R80 being dumped.

  S_O0R30X1R45 being dumped.

  S_R0R40X0R60 being dumped.

  S_R0R80X2R00 being dumped.

  EX1_00Y1_00T being dumped.

  SMD0_70X2_30Y_OBL being dumped.

  S_R3R40X1R30 being dumped.

  S_R0R30X2R60 being dumped.

  S_R1R40X1R60 being dumped.

  S_R2R00X5R50 being dumped.

  S_R0R40X0R35 being dumped.

  S_R2R50X5R00 being dumped.

  S_R3R50X5R00 being dumped.

  S_R2R30X4R04 being dumped.

  S_R1R50X2R50 being dumped.

  S_R0R30X1R45 being dumped.

  S_R0R80X1R40 being dumped.

  S_R2R40X3R40 being dumped.

  S_R1R20X3R70 being dumped.

  SMD0_65X0_35 being dumped.

  S_R0R80X0R60 being dumped.

  S_R1R60X0R70 being dumped.

  S_R0R50X0R90 being dumped.

  S_R0R35X1R50 being dumped.

  S_R1R55X0R30 being dumped.

  S_R3R40X4R30 being dumped.

  S_R0R70X1R60 being dumped.

  P_C4R30_C6R00-C8R00 being dumped.

  S_R0R80X1R60 being dumped.

  S_R0R70X2R60 being dumped.

  S_R0R24X0R90 being dumped.

  S_R0R90X0R24 being dumped.

  S_R2R40X3R60 being dumped.

  S_R0R70X1R70 being dumped.

  S_R0R40X0R75 being dumped.

  S_R0R20X0R68 being dumped.

  S_R0R70X0R90 being dumped.

  S_R0R23X0R92 being dumped.

  S_R0R90X0R25 being dumped.

  S_R0R25X0R90 being dumped.

  S_R1R90X0R60 being dumped.

  S_R0R80X0R90 being dumped.

  S_R2R30X4R35 being dumped.

  S_R0R85X0R23 being dumped.

  S_R0R95X1R30 being dumped.

  S_R0R75X1R50 being dumped.

  PAD_0D6_1D1O being dumped.

  S_R0R65X0R80 being dumped.

  S_R0R80X2R90 being dumped.

  PAD_1D0_1D7O being dumped.

  S_R0R55X2R35 being dumped.

  C44D44N being dumped.

  S_R1R80X0R95 being dumped.

  S_O0R76X1R93 being dumped.

  S_R0R55X2R65 being dumped.

  PAD_0D9_1D3O being dumped.

  S_R0R76X1R93 being dumped.

  R110_60 being dumped.

  C28D28N being dumped.

  R105_60 being dumped.

  R145_30 being dumped.

  O145_45 being dumped.

  R105_65 being dumped.

  R155_60 being dumped.

  R90_135 being dumped.

  R135_55 being dumped.

  PAD_0D23X0D66 being dumped.

  MARK_C1R00_C2R30NP being dumped.

  SMD1_0X0_2X0_8-4MM being dumped.

  SH1D8X4D0X3D0 being dumped.

  VIAS_0D7_0D8 being dumped.

  OX0_36Y0_86T being dumped.

  PAD_0D23_0D63 being dumped.

  PAD_0D25_0D80 being dumped.

  PAD_0D7X0D375 being dumped.

  PAD_0D25_0D35 being dumped.

  PAD_0D17_0D44 being dumped.

  PAD_0D65_1D05 being dumped.

  PAD_0D44_0D45 being dumped.

  PAD_1D17_0D35 being dumped.

  PAD_0D25_0D65 being dumped.

  OBD0_6X1_5MM being dumped.

  PAD_1D68_0D35 being dumped.

  PAD1_70D1_00S being dumped.

  OBD0_6X1_8MM being dumped.

  10X33OV being dumped.

  PAD1_30D0_80S being dumped.

  PAD_2_4X2_0_ADD_0_5X4_0 being dumped.

  SMD1_0X0_2MM being dumped.

  PAD1_35D0_80S being dumped.

  V-O0D7X1D1_0D75X1D15 being dumped.

  SMD0_2X0_7MM being dumped.

  SMD1_1X0_7MM being dumped.

  PAD_RF being dumped.

  SMD1_6X0_3MM being dumped.

  PAD1_55D0_90S being dumped.

  SMD_1D58X0D58 being dumped.

  RECT166X176PN being dumped.

  SMD2_3X0_7MM being dumped.

  CIR0_21 being dumped.

  SMD2_8X1_2MM being dumped.

  P_C1R02_C1R50 being dumped.

  SMD0_25X0_475 being dumped.

  P_C1R00_C1R80 being dumped.

  SMD0_8X1_6MM being dumped.

  SMD2_8X1_4MM being dumped.

  P_C3R20_C6R00 being dumped.

  SMD2_6X2_6MM being dumped.

  P_C1R50_C2R50 being dumped.

  R300_100 being dumped.

  S_R0R25X0R475 being dumped.

  PAD_0D4_0D45O being dumped.

  O019X025 being dumped.

  R130_120 being dumped.

  R150_100 being dumped.

  R250_100 being dumped.

  S_C0R30 being dumped.

  S_C0R40 being dumped.

  S_R0R965X0R80 being dumped.

  S_C0R22 being dumped.

  R140_105 being dumped.

  P_C2R80_C5R60 being dumped.

  S_C0R60 being dumped.

  SMD_S197P0S40 being dumped.

  PAD_0D7_0D85O being dumped.

  S_C0R70 being dumped.

  S_C0R25 being dumped.

  R250_150 being dumped.

  NPTH30A being dumped.

  S_C0R80 being dumped.

  R340_251 being dumped.

  R153_143 being dumped.

  RECT0_80X0_90 being dumped.

  R085_160 being dumped.

  R125_165 being dumped.

  S_S1R00 being dumped.

  R285_125 being dumped.

  S_S2R00 being dumped.

  SMD1_20X2_20Y being dumped.

  OB3X1D2X0_6MM being dumped.

  SMD1_20X1_40Y being dumped.

  VIAS_0D65_0D7 being dumped.

  R195_165 being dumped.

  S_S0R60 being dumped.

  SMD1_60X1_40Y being dumped.

  S_S1R70 being dumped.

  S_S0R80 being dumped.

  S_S2R70 being dumped.

  S_S0R90 being dumped.

  S_S0R55 being dumped.

  S_S1R45 being dumped.

  S_S5R60 being dumped.

  PAD_0D25_0D575 being dumped.

  PAD_1D68_0D225 being dumped.

  VIAS-O-0D4X1_0D6X1D2 being dumped.

  PAD_1D27_0D457 being dumped.

  PAD_0D4_0D6RO being dumped.

  10X33REC being dumped.

  SMD_OV11X65M2 being dumped.

  SMD1_1X0_25MM being dumped.

  C130D130N being dumped.

  S145-SMD being dumped.

  SMD0_3X1_25MM being dumped.

  REC16X60 being dumped.

  SMD0_5X0_25MM being dumped.

  TPS_0D5 being dumped.

  PAD_7D2_7D2_NOPAST being dumped.

  SMD0_25X0_7MM being dumped.

  SMD1_6X0_25MM being dumped.

  SMD0_8X0_25MM being dumped.

  PTH_O354X551SLOT236X394S40 being dumped.

  OBL20X48 being dumped.

  PTH_O354X591SLOT236X472S40 being dumped.

  S_R1R016X1R625 being dumped.

  NPTH2MM being dumped.

  SMD10_20 being dumped.

  SS6_2MM being dumped.

  PTH_O354X669SLOT236X551S40 being dumped.

  SHAPE_0207_LU being dumped.

  SMD-SHAPE-R2P23X2P35 being dumped.

  S_0201SC being dumped.

  SMD20_51 being dumped.

  SMD20_24 being dumped.

  SMD30_32 being dumped.

  PAD_0D21 being dumped.

  P_C0R90_C1R524 being dumped.

  SMD20_80 being dumped.

  SHAPE_0207_RU being dumped.

  SMD70_40 being dumped.

  RECT1_125X0_50 being dumped.

  RECT0_50X1_125 being dumped.

  S_C0R245 being dumped.

  SMD25_75 being dumped.

  SMD48_90 being dumped.

  C3D2_3MM being dumped.

  C4D3_2MM being dumped.

  PAD_MTG370_600 being dumped.

  SMD84_95 being dumped.

  P_C0R89_C1R778 being dumped.

  MTG320_430_SMTSO_M2 being dumped.

  MTG290_430_SMTSO_M2 being dumped.

  VIAS-O-0D65X1_0D7X1D2 being dumped.

  P_S0R90_S1R524 being dumped.

  MTG420_580_SMTSO_M3 being dumped.

  SHAPEESD0402_L being dumped.

  MTG380_580_SMTSO_M3 being dumped.

  SHAPEESD0402_R being dumped.

  SHAPE0300 being dumped.

  PADC20X30 being dumped.

  PAD48SQ32D_PHD being dumped.

  S_R3R50X5R00_B being dumped.

  SMD_R118X512S20 being dumped.

  SMD95_130 being dumped.

  RECT24X40 being dumped.

  PAD_0D6_0D3_RO being dumped.

  0402 being dumped.

  RECT36X54 being dumped.

  0503 being dumped.

  C2_1D1_6M being dumped.

  TH35_CR60 being dumped.

  C3_3D3_3N being dumped.

  TH40_CR65 being dumped.

  VIA_12_20 being dumped.

  SMD10_37V being dumped.

  TH27_CR39 being dumped.

  PAD_36_47 being dumped.

  PAD_65_65 being dumped.

  C025 being dumped.

  PAD_1D2_1 being dumped.

  PAD_1_1D3 being dumped.

  PAD_0D5_1 being dumped.

  HOLECIR55 being dumped.

  PAD_2_2D6 being dumped.

  PAD48CIR32D_PHD being dumped.

  SMDR1X0P4 being dumped.

  SMD075X085 being dumped.

  THR1_00IN1_00OUT_CIR being dumped.

  S_0R6X1R6 being dumped.

  PAD_1D1SQ being dumped.

  S_0R6_0R4 being dumped.

  RECT71X120 being dumped.

  RECT61X103 being dumped.

  QFN14-2X3MM-DSP1 being dumped.

  SMD_R1_4X1_9MM being dumped.

  RECT61X114 being dumped.

  QFN14-2X3MM-DSP2 being dumped.

  QFN14-2X3MM-DSP3 being dumped.

  QFN14-2X3MM-DSP4 being dumped.

  SR0_2X1MM being dumped.

  S3_7X3_7M being dumped.

  TH65_CR100 being dumped.

  P_C0R85_C1R45_P being dumped.

  P_O2R00X0R80_3R50X1R80 being dumped.

  TH91_CR130 being dumped.

  PAD48SQ32D being dumped.

  PAD55SQ35D being dumped.

  TPS1D0M1D2 being dumped.

  PTH_C236SLOT157X157S40 being dumped.

  SMD_R71X128P0S10 being dumped.

  REC1P0X1P2 being dumped.

  SMD55REC77 being dumped.

  SMD8_26-S4 being dumped.

  NPTH2_3MM being dumped.

  REC1P0X0P7 being dumped.

  NPTH1_6MM being dumped.

  SMD_R85X409P0S10 being dumped.

  P_C0R85_R1R45_P being dumped.

  SMD_R295X93P0S10 being dumped.

  SMD10_35OB being dumped.

  PAD_SHAPE_RT_2D4_O00 being dumped.

  S_S3R50_S being dumped.

  SMD_R98X177P0S40 being dumped.

  V-O-0D5X1D2 being dumped.

  SMD_C69S20 being dumped.

  V-O-0D5X1D6 being dumped.

  C2_5D1_7MM being dumped.

  V-O-0D5X1D9 being dumped.

  400RECTX500 being dumped.

  PAD_0D35_C being dumped.

  0402,1 being dumped.

  0402,2 being dumped.

  QFN-12L-3X3MM-1SP being dumped.

  0503,1 being dumped.

  SMD_R0_28X0_9MM being dumped.

  SMD_R0_55X0_9MM being dumped.

  QFN-12L-3X3MM-4SP being dumped.

  QFN-12L-3X3MM-5SP being dumped.

  FIX-4D0X6D0 being dumped.

  SMD10_26-S4 being dumped.

  SMD12_71-S4 being dumped.

  SMD0_5X0_3 being dumped.

  SMD1_2X0_5 being dumped.

  SMD0_5X1_2 being dumped.

  SMD_R650X512P0S10 being dumped.

  SMD_R305X236P0S20 being dumped.

  SMD1_3X0_7 being dumped.

  P_C1R00_C1R00_NP being dumped.

  SMD16_26-S4 being dumped.

  PAD48CIR32D being dumped.

  R12X30-LEFT being dumped.

  SMD0_9X1_4 being dumped.

  SMD_R591X315P0S10 being dumped.

  SMD0_3X1MM being dumped.

  R650_555P6R144_168 being dumped.

  PAD55CIR35D being dumped.

  P_C2R10_C2R10_NP being dumped.

  P_C1R20_C1R20_NP being dumped.

  PAD15 being dumped.

  SMD1X1_5MM being dumped.

  P_C2R20_C2R20_NP being dumped.

  P_C1R30_C1R30_NP being dumped.

  PAD16 being dumped.

  SMD1_5X2MM being dumped.

  RECT12X50M2 being dumped.

  NPTH3_25MM being dumped.

  134SQ being dumped.

  PAD17 being dumped.

  PAD64 being dumped.

  SMD_R591X197P0S10 being dumped.

  PAD65 being dumped.

  OB3X1_5DR2X0_8MM being dumped.

  PAD66 being dumped.

  P_C3R40_C3R40_NP being dumped.

  P_C0R80_C0R80_NP being dumped.

  P_O0R60X1R70_O1R00X2R10 being dumped.

  P_O0R70X1R50_O1R20X2R00 being dumped.

  PAD24CIR24U being dumped.

  SMD_R197X394P0S40 being dumped.

  P_O0R65X1R20_O1R20X2R00 being dumped.

  SMD_R472X669P0S40 being dumped.

  P_O0R60X2R20_O1R10X2R60 being dumped.

  S0_30 being dumped.

  P_O0R60X1R40_O1R00X1R80 being dumped.

  P_O0R65X2R20_O1R20X3R00 being dumped.

  P_O2R00X0R60_O3R50X1R50 being dumped.

  P_C0R65_C0R65_NP being dumped.

  PAD45CIR45U being dumped.

  PAD_1D0_1D0 being dumped.

  PAD65CIR65U being dumped.

  PAD_0D3_1D3_RECT being dumped.

  P_O0R90X1R70_O1R50X2R50 being dumped.

  P_O0R80X1R50_O1R80X2R50 being dumped.

  PAD_1D0_2D2 being dumped.

  PAD_1D0_0D4 being dumped.

  PAD_1D0_1D4 being dumped.

  PAD_3D5X5D0 being dumped.

  PAD_0D5_1D0 being dumped.

  PAD_3D0_1D2 being dumped.

  P_O0R90X2R70_O1R50X3R50 being dumped.

  P_O0R60X2R50_O1R80X3R70 being dumped.

  PAD_0D5_0D2 being dumped.

  PAD_1D5_1D0 being dumped.

  PAD_1D8X1D5 being dumped.

  PAD_1D2_1D4 being dumped.

  PAD_1D3_2D2 being dumped.

  PADO36X79-20 being dumped.

  C43D32 being dumped.

  PAD_3D0_1D5 being dumped.

  C60D43 being dumped.

  C54D40 being dumped.

  PAD_1D3_0D6 being dumped.

  PAD_1D2_2D5 being dumped.

  C60D44 being dumped.

  C50D36 being dumped.

  PAD_1D8_2D0 being dumped.

  PAD_0D5_0D6 being dumped.

  PAD_0D9_2D0 being dumped.

  PAD_0D3_0D8 being dumped.

  PAD_0D4_1D6 being dumped.

  PAD_0D7_4D0 being dumped.

  PAD_0D5_1D5 being dumped.

  C32D55 being dumped.

  PAD_0D4_0D8 being dumped.

  PAD_0D5_1D7 being dumped.

  PAD_1D2_3D7 being dumped.

  C90D71 being dumped.

  PAD_1D5_0D8 being dumped.

  PAD_2D5_2D5 being dumped.

  PAD_0D6_0D8 being dumped.

  PAD_2D4_1D7 being dumped.

  PAD_1D4_1D8 being dumped.

  C55D35 being dumped.

  C44D28 being dumped.

  C46D35 being dumped.

  PAD_0D8_1D6 being dumped.

  P_C3R40_C3R80-5R00 being dumped.

  PAD_35_10OB being dumped.

  SMD_0D5X0D5 being dumped.

  SMD_1D4X0D6 being dumped.

  SQU50 being dumped.

  RX0_20Y0_80R0_10T being dumped.

  VIA_0D6_0D5 being dumped.

  SH20_16OBSL being dumped.

  S43D32 being dumped.

  S54D40 being dumped.

  FIX_2D2_4D0 being dumped.

  SHAPE_C1R20 being dumped.

  FIX_0D4_0D8 being dumped.

  R40R32 being dumped.

  PAD1_70D1_00 being dumped.

  R12X30 being dumped.

  PAD1_30D0_80 being dumped.

  FIX_3D7_5D7 being dumped.

  D95_30 being dumped.

  R52R36 being dumped.

  PAD1_35D0_80 being dumped.

  R50_30 being dumped.

  O75X15 being dumped.

  SMD140 being dumped.

  VIAS-0D4X0D6 being dumped.

  R50_40 being dumped.

  PAD1_55D0_90 being dumped.

  R75X15 being dumped.

  TPS_0D8_0D9 being dumped.

  PAD_0D3X1D16 being dumped.

  C100D70 being dumped.

  OB0_8X2_5MM being dumped.

  OB3X1_2D2_5X0_8MM being dumped.

  R65_50 being dumped.

  R70_45 being dumped.

  R85_30 being dumped.

  R46_52 being dumped.

  PAD_0D38X1D3 being dumped.

  OB11X9 being dumped.

  PAD_0D3_0D25 being dumped.

  R80_75 being dumped.

  C110D93 being dumped.

  NTH128 being dumped.

  PAD_1D17_0D2 being dumped.

  R90_75 being dumped.

  R62_49 being dumped.

  R36_48 being dumped.

  PAD_1D56X0D7 being dumped.

  PAD_1D0_0D66 being dumped.

  P_C1R00_O1R80X2R00 being dumped.

  P_C1R70X2R20 being dumped.

  PAD_0D3_0D75 being dumped.

  R12X30-RIGHT being dumped.

  PAD_0D8_0D35 being dumped.

  PAD_0D3_0D95 being dumped.

  PAD_0D3_0D86 being dumped.

  R95_94 being dumped.

  PADN67 being dumped.


  *** Creating shape symbols (.dra and .ssm) ***

  smd1_0x0_2x0_8-2mm being dumped.

  smd1_0x0_2x0_8-3mm being dumped.

  sh1d8x4d0x3d0 being dumped.

  sh1d9x4d1x3d1 being dumped.

  shape_mechan_2x2_4_add_0_7x4 being dumped.

  c1r20_d being dumped.

  shape_rt_2d4 being dumped.

  shape_rt_1d9 being dumped.

  shape_0207_lu being dumped.

  shape_rfsold being dumped.

  shape-2p48x2p6 being dumped.

  shape_0207_ru being dumped.

  shape_0201sc_1 being dumped.

  shapeesd0402_l being dumped.

  qfn14-2x3mm-ds1 being dumped.

  shapeesd0402_r being dumped.

  qfn14-2x3mm-ds2 being dumped.

  qfn14-2x3mm-ds3 being dumped.

  shape0300 being dumped.

  qfn14-2x3mm-ds4 being dumped.

  shape0400 being dumped.

  shape-2p23x2p35 being dumped.

  shape_02508_lu being dumped.

  shape_02508_ru being dumped.

  r12x30-left-shp being dumped.

  qfn-12l-3x3mm-2s being dumped.

  shape_2_1x2_5_add_0_8x4_1 being dumped.

  shape_rf being dumped.

  qfn-12l-3x3mm-4s being dumped.

  qfn-12l-3x3mm-5s being dumped.

  r12x30-right-shp being dumped.

  cmplxrr0-3x1a0-28 being dumped.

  shape_400rectx500 being dumped.

  srx0_20y0_80r0_10 being dumped.

  srx0_30y0_90r0_10 being dumped.

  shape_rt_2d4_0d0 being dumped.

  sh20_16obsl being dumped.

  shape_360rectx450 being dumped.

  sh23_19obsl being dumped.

  shape_550rectx650 being dumped.

  shape_s3r50 being dumped.


  *** Creating package symbols (.dra and .psm) ***

  fpc0510hx-06p being dumped.

  fpc0520hx-06p being dumped.

  sot363 being dumped.

  fpc0510hx-08p being dumped.

  tf9_l9d7x5d5xh3d75 being dumped.

  led0402 being dumped.

  led0603 being dumped.

  esd0402 being dumped.

  sod-523_sc-79 being dumped.

  sot-523_sc-75 being dumped.

  sop-8l-208mil being dumped.

  sot23-5 being dumped.

  sot23-8 being dumped.

  sot-563 being dumped.

  tps-0d5 being dumped.

  msop-10 being dumped.

  btb-df37nc-30ds-30p-m being dumped.

  sot-363-sc70-6l being dumped.

  dfn5p_1x1_0404 being dumped.

  fix_2d2_4d0-9p being dumped.

  bga698_16r1x17r2x1r08 being dumped.

  lga_3x2_5mm_0r5_14p being dumped.

  qfn32_5x5mm_ep3p3mm being dumped.

  sod-123fl being dumped.

  btb-ok-30p-0d35f being dumped.

  btb_p3c164_xsls00_40 being dumped.

  dfn2x2-8l being dumped.

  wlcsp-26_l2_5-w2_5-p0_40-bl being dumped.

  cmc0806-4p being dumped.

  dfn-10-2510 being dumped.

  bga200_15r00x10r00x0r90 being dumped.

  ind_201610 being dumped.

  ind_201612 being dumped.

  qfn24_4x4 being dumped.

  sc-4d8x1d4 being dumped.

  tps1d0m1d2 being dumped.

  osc4p_2520 being dumped.

  lga-16_l3_0-w3_0-p0_50-bl_sq being dumped.

  c0201 being dumped.

  c0402 being dumped.

  d0402 being dumped.

  c0805 being dumped.

  l0402 being dumped.

  rtl8852_13d1x15d1 being dumped.

  r0201 being dumped.

  r0402 being dumped.

  l0805 being dumped.

  dfn6-2x2-8p being dumped.

  btb_10p-p0_35_6m being dumped.

  fid1_0x2_3 being dumped.

  qfn68_7r00x7r00x0r80_t being dumped.

  lfbga-11p5x13-153p being dumped.

  hc-04p-0d8-h being dumped.

  sw-pb4_2x1d6x0d58 being dumped.

  fpc_06p_0d5dpbh-2 being dumped.

  sot23 being dumped.

  pbz_icsrc6508sfr being dumped.

  qfn80p900x900x80-81 being dumped.

  osc_2p_1610 being dumped.

  usb_typec_24p6p_af-013 being dumped.

  osc_4p_1612 being dumped.

  ipex4 being dumped.

  l322512 being dumped.

  sod523 being dumped.


  *** Creating mechanical symbols (.dra and .bsm) ***

  50ohm being dumped.

  90ohm being dumped.

  85ohm being dumped.

  95ohm being dumped.

  100ohm being dumped.



*********************** Summary *********************
ERRORs reported:                           0

Number of padstacks dumped:              480
Number of package symbols dumped:         64
Number of mechanical symbols dumped:       5
Number of shape symbols dumped:           41

Total number of symbols dumped:          110
*****************************************************

